
--- Job FMMO_Model_QE.gms Start 08/11/26 16:50:15 54.2.1 d9889eb3 DAX-DAC arm 64bit/macOS
--- Applying:
    /Library/Frameworks/GAMS.framework/Versions/54/Resources/gmsprmun.txt
--- GAMS Parameters defined
    Input "/Users/pierre/Dropbox/MMO analysis/Replication Package/GAMS CODE/FMMO_Model_QE.gms"
    PageSize 0
    ScrDir "/Users/pierre/Dropbox/MMO analysis/Replication Package/GAMS CODE/225a/"
    SysDir /Library/Frameworks/GAMS.framework/Versions/54/Resources/
    LogOption 3
    AppendLog 1
    ErrMsg 1
    ErrorLog 99
    IDE 1
    LstTitleLeftAligned 1
Licensee: MUD-20 User License, Laurie Warren             G260106+0003Ac-GEN
          University of California, Davis, Agricultural           DC14975-3
          /Users/pierre/Library/Application Support/GAMS/gamslice.txt
          8eb93790-e938-4801
          v:2                                                              
          The maintenance period of the license expires on Apr 01, 2027
System information: 10 physical cores and 32 Gb physical memory detected
GAMS 54.2.1   Copyright (C) 1987-2026 GAMS Development. All rights reserved
--- Starting compilation
--- FMMO_Model_QE.gms(83) 3 Mb
--- > CFS_Dairy_for_GAMS_Gravity.csv(656) 3 Mb
--- FMMO_Model_QE.gms(91) 3 Mb
--- > Comp_Value_for_GAMS_May2025.csv(144) 3 Mb
--- FMMO_Model_QE.gms(98) 3 Mb
--- > Comp_Quantity_for_GAMS_May2025.csv(144) 3 Mb
--- FMMO_Model_QE.gms(105) 3 Mb
--- > Milk_Shipments.csv(13) 3 Mb
--- FMMO_Model_QE.gms(113) 3 Mb
--- > Crop_Prod_Values.csv(60) 3 Mb
--- FMMO_Model_QE.gms(120) 3 Mb
--- > Dairy_Crop_Cons_Value.csv(36) 3 Mb
--- FMMO_Model_QE.gms(128) 3 Mb
--- > Crop_Areas.csv(60) 3 Mb
--- FMMO_Model_QE.gms(135) 3 Mb
--- > Cropland_Rent_Jul2026.csv(12) 3 Mb
--- FMMO_Model_QE.gms(1612) 3 Mb
--- Starting execution: elapsed 0:00:00.007
--- FMMO_Model_QE.gms(1700) 4 Mb
*** Status: Normal completion
--- Job FMMO_Model_QE.gms Stop 08/11/26 16:50:15 elapsed 0:00:00.008
